// Jest Snapshot v1, https://goo.gl/fbAQLP

exports[`CartIcon should render without crashing 1`] = `
<div
  className="cart-icon"
  onClick={[MockFunction]}
>
  <ForwardRef(SvgShoppingBag)
    className="shopping-icon"
  />
  <span
    className="item-count"
  >
    0
  </span>
</div>
`;
